TAP version 13
# (node:4334) ExperimentalWarning: SQLite is an experimental feature and might change at any time
# (Use `node --trace-warnings ...` to show where the warning was created)
# Subtest: strict JSON rejects duplicate keys before information is lost
ok 1 - strict JSON rejects duplicate keys before information is lost
  ---
  duration_ms: 1.749743
  type: 'test'
  ...
# Subtest: strict JSON rejects nested duplicates
ok 2 - strict JSON rejects nested duplicates
  ---
  duration_ms: 0.25208
  type: 'test'
  ...
# Subtest: strict JSON rejects nonintegral numbers, unsafe integers, negative zero and lone surrogates
ok 3 - strict JSON rejects nonintegral numbers, unsafe integers, negative zero and lone surrogates
  ---
  duration_ms: 0.265435
  type: 'test'
  ...
# Subtest: canonical ordering follows UTF-16 and preserves distinct Unicode strings
ok 4 - canonical ordering follows UTF-16 and preserves distinct Unicode strings
  ---
  duration_ms: 0.301142
  type: 'test'
  ...
# Subtest: Keccak known vectors agree with public Ethereum event selectors
ok 5 - Keccak known vectors agree with public Ethereum event selectors
  ---
  duration_ms: 1.106534
  type: 'test'
  ...
# Subtest: source-locked COPY establishes only its declared operation
ok 6 - source-locked COPY establishes only its declared operation
  ---
  duration_ms: 13.911333
  type: 'test'
  ...
# Subtest: qualifier stripping cannot receive a mark
ok 7 - qualifier stripping cannot receive a mark
  ---
  duration_ms: 8.223386
  type: 'test'
  ...
# Subtest: unknown concealment cannot receive a mark
ok 8 - unknown concealment cannot receive a mark
  ---
  duration_ms: 8.231611
  type: 'test'
  ...
# Subtest: changed copy content cannot receive a mark
ok 9 - changed copy content cannot receive a mark
  ---
  duration_ms: 11.690852
  type: 'test'
  ...
# Subtest: epistemic promotion cannot receive a mark
ok 10 - epistemic promotion cannot receive a mark
  ---
  duration_ms: 10.047387
  type: 'test'
  ...
# Subtest: force escalation cannot receive a mark
ok 11 - force escalation cannot receive a mark
  ---
  duration_ms: 7.531194
  type: 'test'
  ...
# Subtest: withdrawn source cannot receive a mark
ok 12 - withdrawn source cannot receive a mark
  ---
  duration_ms: 7.856181
  type: 'test'
  ...
# Subtest: jurisdiction drift cannot receive a mark
ok 13 - jurisdiction drift cannot receive a mark
  ---
  duration_ms: 7.423003
  type: 'test'
  ...
# Subtest: temporal narrowing below requested bounds cannot receive a mark
ok 14 - temporal narrowing below requested bounds cannot receive a mark
  ---
  duration_ms: 8.226171
  type: 'test'
  ...
# Subtest: client-declared authority without an admitted key fails closed
ok 15 - client-declared authority without an admitted key fails closed
  ---
  duration_ms: 6.813777
  type: 'test'
  ...
# Subtest: a different embedded root cannot appoint itself
ok 16 - a different embedded root cannot appoint itself
  ---
  duration_ms: 5.087267
  type: 'test'
  ...
# Subtest: explicit source revocation defeats standing
ok 17 - explicit source revocation defeats standing
  ---
  duration_ms: 8.088825
  type: 'test'
  ...
# Subtest: blocking unknown prevents EXECUTE
ok 18 - blocking unknown prevents EXECUTE
  ---
  duration_ms: 7.119678
  type: 'test'
  ...
# Subtest: unrelated source cannot disappear from the submitted graph
ok 19 - unrelated source cannot disappear from the submitted graph
  ---
  duration_ms: 8.093704
  type: 'test'
  ...
# Subtest: invalid requests stop before storage and all payment work
ok 20 - invalid requests stop before storage and all payment work
  ---
  duration_ms: 27.552092
  type: 'test'
  ...
# Subtest: first paid test issuance independently verifies in Python
ok 21 - first paid test issuance independently verifies in Python
  ---
  duration_ms: 238.879437
  type: 'test'
  ...
# Subtest: a failed assessment is paid once but receives no Standing Mark
ok 22 - a failed assessment is paid once but receives no Standing Mark
  ---
  duration_ms: 245.125455
  type: 'test'
  ...
# Subtest: durable retrieval and identical POST return exactly the original bytes with no payment calls
ok 23 - durable retrieval and identical POST return exactly the original bytes with no payment calls
  ---
  duration_ms: 50.278956
  type: 'test'
  ...
# Subtest: same buyer reference with changed object is a conflict, not another purchase
ok 24 - same buyer reference with changed object is a conflict, not another purchase
  ---
  duration_ms: 16.580842
  type: 'test'
  ...
# Subtest: payment nonce is bound to the exact quote and cannot buy a different input
ok 25 - payment nonce is bound to the exact quote and cannot buy a different input
  ---
  duration_ms: 15.798362
  type: 'test'
  ...
# Subtest: wrong recipient is rejected before facilitator verification
ok 26 - wrong recipient is rejected before facilitator verification
  ---
  duration_ms: 15.840751
  type: 'test'
  ...
# Subtest: wrong amount is rejected before facilitator verification
ok 27 - wrong amount is rejected before facilitator verification
  ---
  duration_ms: 15.559597
  type: 'test'
  ...
# Subtest: wrong network is rejected before facilitator verification
ok 28 - wrong network is rejected before facilitator verification
  ---
  duration_ms: 15.540281
  type: 'test'
  ...
# Subtest: wrong asset is rejected before facilitator verification
ok 29 - wrong asset is rejected before facilitator verification
  ---
  duration_ms: 16.632829
  type: 'test'
  ...
# Subtest: wrong resource is rejected before facilitator verification
ok 30 - wrong resource is rejected before facilitator verification
  ---
  duration_ms: 15.174038
  type: 'test'
  ...
# Subtest: failed facilitator verification never settles or issues
ok 31 - failed facilitator verification never settles or issues
  ---
  duration_ms: 15.618347
  type: 'test'
  ...
# Subtest: concurrent same-purchase requests converge on one transfer and one immutable result
ok 32 - concurrent same-purchase requests converge on one transfer and one immutable result
  ---
  duration_ms: 110.149748
  type: 'test'
  ...
# Subtest: an uncertain settlement never becomes an optimistic mark
ok 33 - an uncertain settlement never becomes an optimistic mark
  ---
  duration_ms: 47.728168
  type: 'test'
  ...
# Subtest: lost response after settlement recovers exact stored authorization, not a second charge
ok 34 - lost response after settlement recovers exact stored authorization, not a second charge
  ---
  duration_ms: 32.389884
  type: 'test'
  ...
# Subtest: crash after durable settlement resumes signing without another settlement
ok 35 - crash after durable settlement resumes signing without another settlement
  ---
  duration_ms: 35.767032
  type: 'test'
  ...
# Subtest: lost HTTP response after durable issuance retrieves byte-identically
ok 36 - lost HTTP response after durable issuance retrieves byte-identically
  ---
  duration_ms: 35.823147
  type: 'test'
  ...
# Subtest: a fresh process connection retrieves durable SQLite bytes
ok 37 - a fresh process connection retrieves durable SQLite bytes
  ---
  duration_ms: 48.445446
  type: 'test'
  ...
# Subtest: buyer A cannot retrieve buyer B private result
ok 38 - buyer A cannot retrieve buyer B private result
  ---
  duration_ms: 35.886284
  type: 'test'
  ...
# Subtest: independent verifier rejects altered signatures and a wrong root pin
ok 39 - independent verifier rejects altered signatures and a wrong root pin
  ---
  duration_ms: 388.617085
  type: 'test'
  ...
# Subtest: independent replay rejects issuer-signed false promotion
ok 40 - independent replay rejects issuer-signed false promotion
  ---
  duration_ms: 223.099169
  type: 'test'
  ...
# Subtest: public registry binds the exact signed file and independent freshness check passes
ok 41 - public registry binds the exact signed file and independent freshness check passes
  ---
  duration_ms: 441.491387
  type: 'test'
  ...
# Subtest: withdrawal appends history, does not rewrite a Mark, and cannot silently reactivate it
ok 42 - withdrawal appends history, does not rewrite a Mark, and cannot silently reactivate it
  ---
  duration_ms: 36.492475
  type: 'test'
  ...
# Subtest: invalid wrong envelope type is rejected before storage or payment
ok 43 - invalid wrong envelope type is rejected before storage or payment
  ---
  duration_ms: 6.067255
  type: 'test'
  ...
# Subtest: invalid wrong algorithm is rejected before storage or payment
ok 44 - invalid wrong algorithm is rejected before storage or payment
  ---
  duration_ms: 6.073276
  type: 'test'
  ...
# Subtest: invalid wrong canonicalization is rejected before storage or payment
ok 45 - invalid wrong canonicalization is rejected before storage or payment
  ---
  duration_ms: 6.077043
  type: 'test'
  ...
# Subtest: invalid malformed signature is rejected before storage or payment
ok 46 - invalid malformed signature is rejected before storage or payment
  ---
  duration_ms: 6.356454
  type: 'test'
  ...
1..46
# tests 46
# suites 0
# pass 46
# fail 0
# cancelled 0
# skipped 0
# todo 0
# duration_ms 2378.180985
